python : Traceback (most recent call last):
At line:1 char:32
+ ... NG='utf-8'; python test_options_debug.py > test_output.txt 2>&1; Get- ...
+                 ~~~~~~~~~~~~~~~~~~~~~~~~~~~~~~~~~~~~~~~~~~~~~~~~~~~
    + CategoryInfo          : NotSpecified: (Traceback (most recent call last)::String) [], RemoteException
    + FullyQualifiedErrorId : NativeCommandError
 
  File "D:\project\trading-backtest-app\test_options_debug.py", line 152, in test_strategy_on_data
    result = strategy.on_data(current_bar, historical_data)
TypeError: Strategy.on_data() takes 2 positional arguments but 3 were given
Traceback (most recent call last):
  File "D:\project\trading-backtest-app\test_options_debug.py", line 244, in test_with_backtest_engine
    engine = OptionsBacktestEngine(
        strategy=strategy,
    ...<2 lines>...
        brokerage_pct=0.0001
    )
TypeError: OptionsBacktestEngine.__init__() got an unexpected keyword argument 'strategy'
Traceback (most recent call last):
  File "D:\project\trading-backtest-app\test_options_debug.py", line 152, in test_strategy_on_data
    result = strategy.on_data(current_bar, historical_data)
TypeError: Strategy.on_data() takes 2 positional arguments but 3 were given
Traceback (most recent call last):
  File "D:\project\trading-backtest-app\test_options_debug.py", line 244, in test_with_backtest_engine
    engine = OptionsBacktestEngine(
        strategy=strategy,
    ...<2 lines>...
        brokerage_pct=0.0001
    )
TypeError: OptionsBacktestEngine.__init__() got an unexpected keyword argument 'strategy'
Traceback (most recent call last):
  File "D:\project\trading-backtest-app\test_options_debug.py", line 79, in test_strategy_initialization
    strategy = strategy_class(**params)
TypeError: Strategy.__init__() got an unexpected keyword argument 'call_strike_otm_pct'

================================================================================
  OPTIONS STRATEGY DEBUG TEST
================================================================================
Date: 2026-01-06 16:53:42.345275

================================================================================
  TESTING DATA AVAILABILITY
================================================================================

--- Fetching Nifty 50 data ---
Symbol: NSECM:NIFTY 50
Date Range: 2024-01-01 to 2024-12-31
Ô£à Data fetched successfully!
   Records: 93103
   Date Range: 2024-01-01 09:19:00+00:00 to 2024-12-30 15:36:00+00:00
   Columns: ['date', 'open', 'high', 'low', 'close', 'volume']

First few rows:
                       date     open     high      low    close  volume
0 2024-01-01 09:19:00+00:00  2170845  2171605  2169535  2170480       0
1 2024-01-01 09:20:00+00:00  2170480  2171250  2170245  2170410       0
2 2024-01-01 09:21:00+00:00  2170390  2170800  2169840  2170680       0
3 2024-01-01 09:22:00+00:00  2170515  2170545  2168975  2169365       0
4 2024-01-01 09:23:00+00:00  2169475  2169555  2168610  2169060       0

Last few rows:
                           date     open     high      low    close  volume
93098 2024-12-30 15:32:00+00:00  2365740  2367470  2364075  2366000       0
93099 2024-12-30 15:33:00+00:00  2366000  2366000  2364490  2364490       0
93100 2024-12-30 15:34:00+00:00  2364490  2364490  2364490  2364490       0
93101 2024-12-30 15:35:00+00:00  2364490  2364490  2364490  2364490       0
93102 2024-12-30 15:36:00+00:00  2364490  2364490  2364490  2364490       0

================================================================================
  TESTING Short Vol Inventory INITIALIZATION
================================================================================
Ô£à Strategy initialized successfully
   Class: Strategy
   Parameters: {'num_strikes': 2, 'strike_spacing_pct': 0.02, 'profit_target_pct': 0.5, 'stop_loss_pct': 2.0, 'hold_days': 5}
   Position: None
   Options Legs: []

================================================================================
  TESTING Short Vol Inventory WITH REAL DATA
================================================================================

--- Data Preprocessing ---
Clean data rows: 93103

--- Strategy Execution Simulation ---
Testing from index 23275 to 23375 (100 bars)
Date range: 23275 to 23374

ÔØî ERROR at bar 23275 (23275): Strategy.on_data() takes 2 positional arguments but 3 were given

--- Results ---
Bars tested: 100
Positions entered: 0
Positions exited: 0

Trade Log Entries: 0

ÔÜá´©Å NO TRADES IN LOG - Strategy did not enter any positions!

DEBUGGING INFO:
  Strategy has generate_signal method: True
  Strategy has on_data method: True
  Current position: None
  Options legs: []

Checking entry conditions on a sample bar...
  Sample Date: 23285
  Spot Price: 2247415.00
  Historical data: 23286 bars
  Profit target: 50.0%
  Stop loss: 200.0%

================================================================================
  TESTING Short Vol Inventory WITH BACKTEST ENGINE
================================================================================
ÔØî ERROR in backtest: OptionsBacktestEngine.__init__() got an unexpected keyword argument 'strategy'

--------------------------------------------------------------------------------


================================================================================
  TESTING Risk Defined Premium Band INITIALIZATION
================================================================================
Ô£à Strategy initialized successfully
   Class: Strategy
   Parameters: {'band_width_pct': 0.05, 'spread_width_pct': 0.03, 'profit_target_pct': 0.7, 'stop_loss_pct': 2.0, 'hold_days': 5}
   Position: None
   Options Legs: []

================================================================================
  TESTING Risk Defined Premium Band WITH REAL DATA
================================================================================

--- Data Preprocessing ---
Clean data rows: 93103

--- Strategy Execution Simulation ---
Testing from index 23275 to 23375 (100 bars)
Date range: 23275 to 23374

ÔØî ERROR at bar 23275 (23275): Strategy.on_data() takes 2 positional arguments but 3 were given

--- Results ---
Bars tested: 100
Positions entered: 0
Positions exited: 0

Trade Log Entries: 0

ÔÜá´©Å NO TRADES IN LOG - Strategy did not enter any positions!

DEBUGGING INFO:
  Strategy has generate_signal method: True
  Strategy has on_data method: True
  Current position: None
  Options legs: []

Checking entry conditions on a sample bar...
  Sample Date: 23285
  Spot Price: 2247415.00
  Historical data: 23286 bars
  Profit target: 70.0%
  Stop loss: 200.0%

================================================================================
  TESTING Risk Defined Premium Band WITH BACKTEST ENGINE
================================================================================
ÔØî ERROR in backtest: OptionsBacktestEngine.__init__() got an unexpected keyword argument 'strategy'

--------------------------------------------------------------------------------


================================================================================
  TESTING Bullish Risk Reversal INITIALIZATION
================================================================================
ÔØî ERROR initializing strategy: Strategy.__init__() got an unexpected keyword argument 'call_strike_otm_pct'

================================================================================
  TEST COMPLETE
================================================================================

If no trades were taken, check:
1. Entry conditions might be too strict
2. Not enough historical data for indicators
3. Options premium calculation returning None
4. Strategy logic has bugs

Review the debug output above to identify the issue.
